### Starting TaskPrologue of job 1668726 on tg069 at Sun May 31 11:57:40 AM CEST 2026
Running on cores 0-1,8-9,17,19,24-25 with governor ondemand
Sun May 31 11:57:40 2026       
+-----------------------------------------------------------------------------------------+
| NVIDIA-SMI 595.71.05              Driver Version: 595.71.05      CUDA Version: 13.2     |
+-----------------------------------------+------------------------+----------------------+
| GPU  Name                 Persistence-M | Bus-Id          Disp.A | Volatile Uncorr. ECC |
| Fan  Temp   Perf          Pwr:Usage/Cap |           Memory-Usage | GPU-Util  Compute M. |
|                                         |                        |               MIG M. |
|=========================================+========================+======================|
|   0  NVIDIA GeForce RTX 2080 Ti     On  |   00000000:18:00.0 Off |                  N/A |
| 38%   51C    P8             15W /  250W |       1MiB /  11264MiB |      0%      Default |
|                                         |                        |                  N/A |
+-----------------------------------------+------------------------+----------------------+

+-----------------------------------------------------------------------------------------+
| Processes:                                                                              |
|  GPU   GI   CI              PID   Type   Process name                        GPU Memory |
|        ID   ID                                                               Usage      |
|=========================================================================================|
|  No running processes found                                                             |
+-----------------------------------------------------------------------------------------+
### Finished TaskPrologue

=== JOB_STATISTICS ===
=== current date     : Mon Jun  1 02:01:30 AM CEST 2026
= Job-ID             : 1668726 on tinygpu
= Job-Name           : sd15_upft2_t25
= Job-Command        : /home/hpc/rlvl/rlvl173v/revelio/job_sd15_upft2_t25.sh
= Initial workdir    : /home/hpc/rlvl/rlvl173v/revelio
= Queue/Partition    : work
= Slurm account      : rlvl with QOS=normal
= Requested resources:  for 1-00:00:00
= Elapsed runtime    : 14:03:50
= Total RAM usage    : 6.6 GiB of requested  GiB (%)   
= Node list          : tg069
= Subm/Elig/Start/End: 2026-05-31T11:22:51 / 2026-05-31T11:22:51 / 2026-05-31T11:57:39 / 2026-06-01T02:01:29
======================
=== Quota infos ======
    Path                 Used     SoftQ    HardQ    Gracetime  Filec    FileQ    FiHaQ    FileGrace    
    /home/woody            11.1G  1000.0G  1500.0G        N/A      61K   5,000K   7,500K        N/A    
    /home/hpc              61.4G   104.9G   209.7G        N/A      88K     500K   1,000K        N/A    
======================
=== GPU utilization ==
gpu_name, gpu_bus_id, pid, gpu_utilization [%], mem_utilization [%], max_memory_usage [MiB], time [ms]
NVIDIA GeForce RTX 2080 Ti, 00000000:18:00.0, 248978, 92 %, 37 %, 10816 MiB, 50613252 ms
