### Starting TaskPrologue of job 1693487 on tg06a at Wed Jun 10 08:52:14 PM CEST 2026
Running on cores 6-7,14-15,22-23,30-31 with governor ondemand
Wed Jun 10 20:52:14 2026       
+-----------------------------------------------------------------------------------------+
| NVIDIA-SMI 610.43.02              KMD Version: 610.43.02     CUDA UMD Version: 13.3     |
+-----------------------------------------+------------------------+----------------------+
| GPU  Name                 Persistence-M | Bus-Id          Disp.A | Volatile Uncorr. ECC |
| Fan  Temp   Perf          Pwr:Usage/Cap |           Memory-Usage | GPU-Util  Compute M. |
|                                         |                        |               MIG M. |
|=========================================+========================+======================|
|   0  NVIDIA GeForce RTX 2080 Ti     On  |   00000000:AF:00.0 Off |                  N/A |
| 27%   31C    P8             12W /  250W |       1MiB /  11264MiB |      0%      Default |
|                                         |                        |                  N/A |
+-----------------------------------------+------------------------+----------------------+

+-----------------------------------------------------------------------------------------+
| Processes:                                                                              |
|  GPU   GI   CI              PID   Type   Process name                        GPU Memory |
|        ID   ID                                                               Usage      |
|=========================================================================================|
|  No running processes found                                                             |
+-----------------------------------------------------------------------------------------+
### Finished TaskPrologue

=== JOB_STATISTICS ===
=== current date     : Thu Jun 11 10:33:18 AM CEST 2026
= Job-ID             : 1693487 on tinygpu
= Job-Name           : sd15_upft1_t100_from_t75
= Job-Command        : /home/hpc/rlvl/rlvl173v/revelio/job_sd15_upft1_t100_from_t75.sh
= Initial workdir    : /home/hpc/rlvl/rlvl173v/revelio
= Queue/Partition    : work
= Slurm account      : rlvl with QOS=normal
= Requested resources:  for 1-00:00:00
= Elapsed runtime    : 13:41:06
= Total RAM usage    : 6.6 GiB of requested  GiB (%)   
= Node list          : tg06a
= Subm/Elig/Start/End: 2026-06-10T20:52:12 / 2026-06-10T20:52:12 / 2026-06-10T20:52:12 / 2026-06-11T10:33:18
======================
=== Quota infos ======
    Path                 Used     SoftQ    HardQ    Gracetime  Filec    FileQ    FiHaQ    FileGrace    
    /home/woody            11.1G  1000.0G  1500.0G        N/A      61K   5,000K   7,500K        N/A    
    /home/hpc              61.4G   104.9G   209.7G        N/A      88K     500K   1,000K        N/A    
======================
=== GPU utilization ==
gpu_name, gpu_bus_id, pid, gpu_utilization [%], mem_utilization [%], max_memory_usage [MiB], time [ms]
NVIDIA GeForce RTX 2080 Ti, 00000000:AF:00.0, 186379, 92 %, 36 %, 10824 MiB, 49248354 ms
